// Jest Snapshot v1, https://goo.gl/fbAQLP

exports[`WidgetSidebar snapshots default 1`] = `
<div
  className="widget-sidebar"
>
  <div
    className="d-flex flex-column"
  >
    <RecommendationsPanel />
  </div>
</div>
`;
