// Jest Snapshot v1, https://goo.gl/fbAQLP

exports[`RecommendationsPaintedDoorBtn matches snapshot 1`] = `
<Fragment>
  <RecommendationsPanelButton
    handleClick={[Function]}
  />
  <ModalView
    isOpen={false}
    onClose={[MockFunction]}
    variation=""
  />
</Fragment>
`;
